// Jest Snapshot v1, https://goo.gl/fbAQLP

exports[`Check Login Button Snapshot Matching 1`] = `
<DocumentFragment>
  <button
    data-testid="test-button-login"
    style="cursor: pointer;"
  >
    OK
  </button>
</DocumentFragment>
`;
